配置文件加载成功: config/config.yaml
[调度] timeline.yaml 未找到: config/timeline.yaml，使用空模板
通知渠道配置来源: 邮件(环境变量)
每个渠道最大账号数: 3
============================================================
版本检查
============================================================
远程程序版本: 6.10.0
远程配置清单: 获取成功 (6 个文件)
------------------------------------------------------------
  主程序版本: 6.10.0 ✅ 已是最新
  config.yaml: 2.4.0 ✅ 已是最新
  timeline.yaml: 文件不存在
  frequency_words.txt: 未找到本地版本号
  ai_interests.txt: 文件不存在
  ai_analysis_prompt.txt: 文件不存在
  ai_translation_prompt.txt: 文件不存在
============================================================
TrendRadar v6.10.0 配置加载完成
监控平台数量: 11
时区: Asia/Shanghai
GitHub Actions环境，不使用代理
[存储管理器] 远程存储配置检查失败:
  - bucket_name: 未配置
  - access_key_id: 未配置
  - secret_access_key: 未配置
  - endpoint_url: 未配置
[存储管理器] GitHub Actions 环境但未配置远程存储，使用本地存储
[存储管理器] 使用本地存储后端 (数据目录: output)
存储后端: local
当前北京时间: 2026-08-15 09:43:49
通知功能已启用，将发送通知
报告模式: daily
运行模式: 全天汇总模式（所有匹配新闻 + 新增新闻区域 + 按时推送）
配置的监控平台: ['今日头条', '百度热搜', '华尔街见闻', '澎湃新闻', 'bilibili 热搜', '财联社热门', '凤凰网', '贴吧', '微博', '抖音', '知乎']
开始爬取数据，请求间隔 2000 毫秒
获取 toutiao 成功（最新数据）
获取 baidu 成功（最新数据）
获取 wallstreetcn-hot 成功（最新数据）
获取 thepaper 成功（最新数据）
获取 bilibili-hot-search 成功（最新数据）
获取 cls-hot 成功（缓存数据）
获取 ifeng 成功（缓存数据）
获取 tieba 成功（缓存数据）
获取 weibo 成功（缓存数据）
获取 douyin 成功（缓存数据）
获取 zhihu 成功（最新数据）
成功: ['toutiao', 'baidu', 'wallstreetcn-hot', 'thepaper', 'bilibili-hot-search', 'cls-hot', 'ifeng', 'tieba', 'weibo', 'douyin', 'zhihu'], 失败: []
[本地存储] 处理完成：新增 255 条
数据已保存到存储后端: local
分析流程执行出错: 未知的预设模板: 'morning_evening'，可选值: , custom
[本地存储] 关闭数据库连接: output/news/2026-08-15.db
